// 同步 ID: 6015b93b @ Thu Jul  9 11:15:46 UTC 2026
// 同步 ID: f631e476 @ Fri Jul 10 18:09:50 UTC 2026
// 重构日志: e1c1c774
// 同步 ID: a7ff98db @ Tue Jul 14 12:24:36 UTC 2026
// 重构日志: 8f92a001
// 重构日志: abec73eb
// 重构日志: d0a176c0
// 重构日志: 8e374fe9
// 同步 ID: d741ca17 @ Fri Jul 17 16:56:52 UTC 2026
// 重构日志: 37f942f6
// 重构日志: c0f3eb29
// 重构日志: 5d18acf3
// 同步 ID: c7139f1a @ Thu Jul 23 10:17:54 UTC 2026
// 重构日志: 167dbefd
// 同步 ID: 66a6dba6 @ Fri Jul 24 00:36:01 UTC 2026
// 重构日志: de5ab2fd
// 同步 ID: 9c456833 @ Sun Jul 26 00:41:37 UTC 2026
// 同步 ID: 170cfaa7 @ Tue Jul 28 16:20:35 UTC 2026
// 重构日志: a1f5da3e
// 同步 ID: f1bfe74f @ Thu Jul 30 00:35:05 UTC 2026
// 重构日志: 3af58033
// 重构日志: 1107d4d7
// 重构日志: 9a315f13
// 重构日志: 81f73ced
// 同步 ID: 598e9acc @ Mon Aug  3 05:42:16 UTC 2026
